[
  {
    "name": "rootnoargs",
    "description": "root with no arguments",
    "options": [],
    "default_permission": true,
    "type": 1
  },
  {
    "name": "rootargs",
    "description": "root with arguments",
    "options": [
      {
        "type": 3,
        "name": "req_string_option",
        "description": "the required string option",
        "default": false,
        "required": true,
        "autocomplete": true
      },
      {
        "type": 3,
        "name": "optional_string_option",
        "description": "The optional string option",
        "default": false,
        "required": false
      },
      {
        "type": 4,
        "name": "req_int_option",
        "description": "the required int option",
        "default": false,
        "required": true,
        "autocomplete": true
      },
      {
        "type": 4,
        "name": "optional_int_option",
        "description": "The optional int option",
        "default": false,
        "required": false
      },
      {
        "type": 10,
        "name": "req_double_option",
        "description": "the required double option",
        "default": false,
        "required": true,
        "autocomplete": true
      },
      {
        "type": 4,
        "name": "optional_double_option",
        "description": "The optional double option",
        "default": false,
        "required": false
      },
      {
        "type": 5,
        "name": "req_bool_option",
        "description": "the required boolean option",
        "default": true,
        "required": true
      },
      {
        "type": 5,
        "name": "optional_bool_option",
        "description": "the optional boolean option",
        "default": false,
        "required": false
      },
      {
        "type": 8,
        "name": "req_role_option",
        "description": "the required role option",
        "default": false,
        "required": true
      },
      {
        "type": 8,
        "name": "optional_role_option",
        "description": "the optional role option",
        "default": false,
        "required": false
      },
      {
        "type": 7,
        "name": "req_channel_option",
        "description": "the required channel option",
        "default": false,
        "required": true
      },
      {
        "type": 7,
        "name": "optional_channel_option",
        "description": "the optional channel option",
        "default": false,
        "required": false
      },
      {
        "type": 9,
        "name": "req_mentionable_option",
        "description": "the required mentionable option",
        "default": false,
        "required": true
      },
      {
        "type": 9,
        "name": "optional_mentionable_option",
        "description": "the optional mentionable option",
        "default": false,
        "required": false
      },
      {
        "type": 6,
        "name": "req_user_option",
        "description": "the required user option",
        "default": false,
        "required": true
      },
      {
        "type": 6,
        "name": "optional_user_option",
        "description": "the optional user option",
        "default": false,
        "required": false
      }
    ],
    "default_permission": false,
    "type": 1
  },
  {
    "name": "group1",
    "description": "group 1",
    "options": [
      {
        "type": 1,
        "name": "cmd1",
        "description": "first command in group",
        "default": false,
        "required": false,
        "options": [
          {
            "type": 3,
            "name": "test",
            "description": "testing",
            "default": false,
            "required": true
          }
        ]
      },
      {
        "type": 1,
        "name": "cmd2",
        "description": "second command in group",
        "default": false,
        "required": false
      }
    ],
    "default_permission": true,
    "type": 1
  },
  {
    "name": "group2",
    "description": "group 2",
    "options": [
      {
        "type": 2,
        "name": "subgroup1",
        "description": "subgroup 1",
        "default": false,
        "required": false,
        "options": [
          {
            "type": 1,
            "name": "subcmd1",
            "description": "first command in subgroup",
            "default": false,
            "required": false
          },
          {
            "type": 1,
            "name": "subcmd2",
            "description": "second command in subgroup",
            "default": false,
            "required": false
          }
        ]
      }
    ],
    "default_permission": false,
    "type": 1
  }
]